node.exe : [1A[2K[2m[WebServer] [22m[33m[1mΓÜá[22m[39m 
The "middleware" file convention is deprecated. Please use 
"proxy" instead. Learn more: 
https://nextjs.org/docs/messages/middleware-to-proxy
At line:1 char:1
+ & "C:\Upendra\Softwares\nodejs/node.exe" 
"C:\Users\kolla\AppData\Roam ...
+ ~~~~~~~~~~~~~~~~~~~~~~~~~~~~~~~~~~~~~~~~~~~~~~~~~~~~~~~~~~~~~
~~~~~~~~
    + CategoryInfo          : NotSpecified: ([1A[2K[2m[We.. 
   .leware-to-proxy:String) [], RemoteException
    + FullyQualifiedErrorId : NativeCommandError
 

[1A[2K[2m[WebServer] [22mFailed to fetch items: Error 
[PrismaClientKnownRequestError]: 
[2m[WebServer] [22mInvalid `__TURBOPACK__imported__module__$5
b$project$5d2f$src$2f$lib$2f$db$2e$ts__$5b$app$2d$rsc$5d$__$28$
ecmascript$29$__["default"].item.findMany()` invocation in
[2m[WebServer] [22mC:\Upendra\Git Hub\Git Hub -- Kolla Upendr
a\campusshare\campus-share-platform\.next\dev\server\chunks\ssr
\[root-of-the-server]__d276d625._.js:461:158
[2m[WebServer] [22m
[2m[WebServer] [22m  458 ;
[2m[WebServer] [22m  459 async function getItems(query) {
[2m[WebServer] [22m  460     try {
[2m[WebServer] [22mΓåÆ 461         const items = await __TURB
OPACK__imported__module__$5b$project$5d2f$src$2f$lib$2f$db$2e$t
s__$5b$app$2d$rsc$5d$__$28$ecmascript$29$__["default"].item.fin
dMany(
[2m[WebServer] [22mThe table `main.Item` does not exist in 
the current database.
[2m[WebServer] [22m    at <unknown> (src\app\page.tsx:24:33)
[2m[WebServer] [22m    at async getItems 
(src\app\page.tsx:24:19)
[2m[WebServer] [22m    at async Home (src\app\page.tsx:56:17)
[2m[WebServer] [22m[0m [90m 22 |[39m [36masync[39m 
[36mfunction[39m getItems(query[33m?[39m[33m:[39m 
string) {
[2m[WebServer] [22m [90m 23 |[39m   [36mtry[39m {
[2m[WebServer] [22m[31m[1m>[22m[39m[90m 24 |[39m     
[36mconst[39m items [33m=[39m [36mawait[39m 
db[33m.[39mitem[33m.[39mfindMany({
[2m[WebServer] [22m [90m    |[39m                          
       [31m[1m^[22m[39m
[2m[WebServer] [22m [90m 25 |[39m       where[33m:[39m {
[2m[WebServer] [22m [90m 26 |[39m         
status[33m:[39m [32m"active"[39m[33m,[39m
[2m[WebServer] [22m [90m 27 |[39m         
[33m...[39m(query [33m?[39m {[0m {
[2m[WebServer] [22m  code: [32m'P2021'[39m,
[2m[WebServer] [22m  clientVersion: [32m'5.10.2'[39m,
[2m[WebServer] [22m  meta: [36m[Object][39m
[2m[WebServer] [22m}


Running 5 tests using 5 workers

[1A[2K[1/5] [firefox] ΓÇ║ tests\booking-flow.spec.ts:22:9 ΓÇ║ Critical Path: Booking Flow ΓÇ║ User can browse, view item, and request it
[1A[2K[2/5] [Mobile Safari] ΓÇ║ tests\booking-flow.spec.ts:22:9 ΓÇ║ Critical Path: Booking Flow ΓÇ║ User can browse, view item, and request it
[1A[2K[3/5] [chromium] ΓÇ║ tests\booking-flow.spec.ts:22:9 ΓÇ║ Critical Path: Booking Flow ΓÇ║ User can browse, view item, and request it
[1A[2K[4/5] [webkit] ΓÇ║ tests\booking-flow.spec.ts:22:9 ΓÇ║ Critical Path: Booking Flow ΓÇ║ User can browse, view item, and request it
[1A[2K[5/5] [Mobile Chrome] ΓÇ║ tests\booking-flow.spec.ts:22:9 ΓÇ║ Critical Path: Booking Flow ΓÇ║ User can browse, view item, and request it
[1A[2K  1) [firefox] ΓÇ║ tests\booking-flow.spec.ts:22:9 ΓÇ║ Critical Path: Booking Flow ΓÇ║ User can browse, view item, and request it 

    PrismaClientKnownRequestError: 
    Invalid `db.user.create()` invocation in
    C:\Upendra\Git Hub\Git Hub -- Kolla Upendra\campusshare\campus-share-platform\tests\test-utils.ts:8:32

      5 export const createTestUser = async (role: string = 'student') => {
      6     const email = `test-${Date.now()}-${Math.floor(Math.random() * 1000)}@example.com`;
      7 
    ΓåÆ 8     const user = await db.user.create(
    The table `main.User` does not exist in the current database.

       at test-utils.ts:8

       6 |     const email = `test-${Date.now()}-${Math.floor(Math.random() * 1000)}@example.com`;
       7 |
    >  8 |     const user = await db.user.create({
         |                                ^
       9 |         data: {
      10 |             email,
      11 |             name: 'Test User',
        at C:\Upendra\Git Hub\Git Hub -- Kolla Upendra\campusshare\campus-share-platform\tests\test-utils.ts:8:32
        at _n.handleRequestError (C:\Upendra\Git Hub\Git Hub -- Kolla Upendra\campusshare\campus-share-platform\node_modules\@prisma\client\runtime\library.js:123:6854)
        at _n.handleAndLogRequestError (C:\Upendra\Git Hub\Git Hub -- Kolla Upendra\campusshare\campus-share-platform\node_modules\@prisma\client\runtime\library.js:123:6188)
        at _n.request (C:\Upendra\Git Hub\Git Hub -- Kolla Upendra\campusshare\campus-share-platform\node_modules\@prisma\client\runtime\library.js:123:5896)
        at l (C:\Upendra\Git Hub\Git Hub -- Kolla Upendra\campusshare\campus-share-platform\node_modules\@prisma\client\runtime\library.js:128:10871)
        at createTestUser (C:\Upendra\Git Hub\Git Hub -- Kolla Upendra\campusshare\campus-share-platform\tests\test-utils.ts:8:18)
        at C:\Upendra\Git Hub\Git Hub -- Kolla Upendra\campusshare\campus-share-platform\tests\booking-flow.spec.ts:12:17

    TypeError: Cannot read properties of undefined (reading 'user')

      17 |     test.afterAll(async () => {
      18 |         // Cleanup
    > 19 |         await cleanupTestData([owner.user.id, borrower.user.id], [item.id]);
         |                                      ^
      20 |     });
      21 |
      22 |     test('User can browse, view item, and request it', async ({ page }) => {
        at C:\Upendra\Git Hub\Git Hub -- Kolla Upendra\campusshare\campus-share-platform\tests\booking-flow.spec.ts:19:38


[1A[2K  2) [webkit] ΓÇ║ tests\booking-flow.spec.ts:22:9 ΓÇ║ Critical Path: Booking Flow ΓÇ║ User can browse, view item, and request it 

    PrismaClientKnownRequestError: 
    Invalid `db.user.create()` invocation in
    C:\Upendra\Git Hub\Git Hub -- Kolla Upendra\campusshare\campus-share-platform\tests\test-utils.ts:8:32

      5 export const createTestUser = async (role: string = 'student') => {
      6     const email = `test-${Date.now()}-${Math.floor(Math.random() * 1000)}@example.com`;
      7 
    ΓåÆ 8     const user = await db.user.create(
    The table `main.User` does not exist in the current database.

       at test-utils.ts:8

       6 |     const email = `test-${Date.now()}-${Math.floor(Math.random() * 1000)}@example.com`;
       7 |
    >  8 |     const user = await db.user.create({
         |                                ^
       9 |         data: {
      10 |             email,
      11 |             name: 'Test User',
        at C:\Upendra\Git Hub\Git Hub -- Kolla Upendra\campusshare\campus-share-platform\tests\test-utils.ts:8:32
        at _n.handleRequestError (C:\Upendra\Git Hub\Git Hub -- Kolla Upendra\campusshare\campus-share-platform\node_modules\@prisma\client\runtime\library.js:123:6854)
        at _n.handleAndLogRequestError (C:\Upendra\Git Hub\Git Hub -- Kolla Upendra\campusshare\campus-share-platform\node_modules\@prisma\client\runtime\library.js:123:6188)
        at _n.request (C:\Upendra\Git Hub\Git Hub -- Kolla Upendra\campusshare\campus-share-platform\node_modules\@prisma\client\runtime\library.js:123:5896)
        at l (C:\Upendra\Git Hub\Git Hub -- Kolla Upendra\campusshare\campus-share-platform\node_modules\@prisma\client\runtime\library.js:128:10871)
        at createTestUser (C:\Upendra\Git Hub\Git Hub -- Kolla Upendra\campusshare\campus-share-platform\tests\test-utils.ts:8:18)
        at C:\Upendra\Git Hub\Git Hub -- Kolla Upendra\campusshare\campus-share-platform\tests\booking-flow.spec.ts:12:17

    TypeError: Cannot read properties of undefined (reading 'user')

      17 |     test.afterAll(async () => {
      18 |         // Cleanup
    > 19 |         await cleanupTestData([owner.user.id, borrower.user.id], [item.id]);
         |                                      ^
      20 |     });
      21 |
      22 |     test('User can browse, view item, and request it', async ({ page }) => {
        at C:\Upendra\Git Hub\Git Hub -- Kolla Upendra\campusshare\campus-share-platform\tests\booking-flow.spec.ts:19:38


[1A[2K  3) [Mobile Safari] ΓÇ║ tests\booking-flow.spec.ts:22:9 ΓÇ║ Critical Path: Booking Flow ΓÇ║ User can browse, view item, and request it 

    PrismaClientKnownRequestError: 
    Invalid `db.user.create()` invocation in
    C:\Upendra\Git Hub\Git Hub -- Kolla Upendra\campusshare\campus-share-platform\tests\test-utils.ts:8:32

      5 export const createTestUser = async (role: string = 'student') => {
      6     const email = `test-${Date.now()}-${Math.floor(Math.random() * 1000)}@example.com`;
      7 
    ΓåÆ 8     const user = await db.user.create(
    The table `main.User` does not exist in the current database.

       at test-utils.ts:8

       6 |     const email = `test-${Date.now()}-${Math.floor(Math.random() * 1000)}@example.com`;
       7 |
    >  8 |     const user = await db.user.create({
         |                                ^
       9 |         data: {
      10 |             email,
      11 |             name: 'Test User',
        at C:\Upendra\Git Hub\Git Hub -- Kolla Upendra\campusshare\campus-share-platform\tests\test-utils.ts:8:32
        at _n.handleRequestError (C:\Upendra\Git Hub\Git Hub -- Kolla Upendra\campusshare\campus-share-platform\node_modules\@prisma\client\runtime\library.js:123:6854)
        at _n.handleAndLogRequestError (C:\Upendra\Git Hub\Git Hub -- Kolla Upendra\campusshare\campus-share-platform\node_modules\@prisma\client\runtime\library.js:123:6188)
        at _n.request (C:\Upendra\Git Hub\Git Hub -- Kolla Upendra\campusshare\campus-share-platform\node_modules\@prisma\client\runtime\library.js:123:5896)
        at l (C:\Upendra\Git Hub\Git Hub -- Kolla Upendra\campusshare\campus-share-platform\node_modules\@prisma\client\runtime\library.js:128:10871)
        at createTestUser (C:\Upendra\Git Hub\Git Hub -- Kolla Upendra\campusshare\campus-share-platform\tests\test-utils.ts:8:18)
        at C:\Upendra\Git Hub\Git Hub -- Kolla Upendra\campusshare\campus-share-platform\tests\booking-flow.spec.ts:12:17

    TypeError: Cannot read properties of undefined (reading 'user')

      17 |     test.afterAll(async () => {
      18 |         // Cleanup
    > 19 |         await cleanupTestData([owner.user.id, borrower.user.id], [item.id]);
         |                                      ^
      20 |     });
      21 |
      22 |     test('User can browse, view item, and request it', async ({ page }) => {
        at C:\Upendra\Git Hub\Git Hub -- Kolla Upendra\campusshare\campus-share-platform\tests\booking-flow.spec.ts:19:38


[1A[2K  4) [chromium] ΓÇ║ tests\booking-flow.spec.ts:22:9 ΓÇ║ Critical Path: Booking Flow ΓÇ║ User can browse, view item, and request it 

    PrismaClientKnownRequestError: 
    Invalid `db.user.create()` invocation in
    C:\Upendra\Git Hub\Git Hub -- Kolla Upendra\campusshare\campus-share-platform\tests\test-utils.ts:8:32

      5 export const createTestUser = async (role: string = 'student') => {
      6     const email = `test-${Date.now()}-${Math.floor(Math.random() * 1000)}@example.com`;
      7 
    ΓåÆ 8     const user = await db.user.create(
    The table `main.User` does not exist in the current database.

       at test-utils.ts:8

       6 |     const email = `test-${Date.now()}-${Math.floor(Math.random() * 1000)}@example.com`;
       7 |
    >  8 |     const user = await db.user.create({
         |                                ^
       9 |         data: {
      10 |             email,
      11 |             name: 'Test User',
        at C:\Upendra\Git Hub\Git Hub -- Kolla Upendra\campusshare\campus-share-platform\tests\test-utils.ts:8:32
        at _n.handleRequestError (C:\Upendra\Git Hub\Git Hub -- Kolla Upendra\campusshare\campus-share-platform\node_modules\@prisma\client\runtime\library.js:123:6854)
        at _n.handleAndLogRequestError (C:\Upendra\Git Hub\Git Hub -- Kolla Upendra\campusshare\campus-share-platform\node_modules\@prisma\client\runtime\library.js:123:6188)
        at _n.request (C:\Upendra\Git Hub\Git Hub -- Kolla Upendra\campusshare\campus-share-platform\node_modules\@prisma\client\runtime\library.js:123:5896)
        at l (C:\Upendra\Git Hub\Git Hub -- Kolla Upendra\campusshare\campus-share-platform\node_modules\@prisma\client\runtime\library.js:128:10871)
        at createTestUser (C:\Upendra\Git Hub\Git Hub -- Kolla Upendra\campusshare\campus-share-platform\tests\test-utils.ts:8:18)
        at C:\Upendra\Git Hub\Git Hub -- Kolla Upendra\campusshare\campus-share-platform\tests\booking-flow.spec.ts:12:17

    TypeError: Cannot read properties of undefined (reading 'user')

      17 |     test.afterAll(async () => {
      18 |         // Cleanup
    > 19 |         await cleanupTestData([owner.user.id, borrower.user.id], [item.id]);
         |                                      ^
      20 |     });
      21 |
      22 |     test('User can browse, view item, and request it', async ({ page }) => {
        at C:\Upendra\Git Hub\Git Hub -- Kolla Upendra\campusshare\campus-share-platform\tests\booking-flow.spec.ts:19:38


[1A[2K  5) [Mobile Chrome] ΓÇ║ tests\booking-flow.spec.ts:22:9 ΓÇ║ Critical Path: Booking Flow ΓÇ║ User can browse, view item, and request it 

    PrismaClientKnownRequestError: 
    Invalid `db.user.create()` invocation in
    C:\Upendra\Git Hub\Git Hub -- Kolla Upendra\campusshare\campus-share-platform\tests\test-utils.ts:8:32

      5 export const createTestUser = async (role: string = 'student') => {
      6     const email = `test-${Date.now()}-${Math.floor(Math.random() * 1000)}@example.com`;
      7 
    ΓåÆ 8     const user = await db.user.create(
    The table `main.User` does not exist in the current database.

       at test-utils.ts:8

       6 |     const email = `test-${Date.now()}-${Math.floor(Math.random() * 1000)}@example.com`;
       7 |
    >  8 |     const user = await db.user.create({
         |                                ^
       9 |         data: {
      10 |             email,
      11 |             name: 'Test User',
        at C:\Upendra\Git Hub\Git Hub -- Kolla Upendra\campusshare\campus-share-platform\tests\test-utils.ts:8:32
        at _n.handleRequestError (C:\Upendra\Git Hub\Git Hub -- Kolla Upendra\campusshare\campus-share-platform\node_modules\@prisma\client\runtime\library.js:123:6854)
        at _n.handleAndLogRequestError (C:\Upendra\Git Hub\Git Hub -- Kolla Upendra\campusshare\campus-share-platform\node_modules\@prisma\client\runtime\library.js:123:6188)
        at _n.request (C:\Upendra\Git Hub\Git Hub -- Kolla Upendra\campusshare\campus-share-platform\node_modules\@prisma\client\runtime\library.js:123:5896)
        at l (C:\Upendra\Git Hub\Git Hub -- Kolla Upendra\campusshare\campus-share-platform\node_modules\@prisma\client\runtime\library.js:128:10871)
        at createTestUser (C:\Upendra\Git Hub\Git Hub -- Kolla Upendra\campusshare\campus-share-platform\tests\test-utils.ts:8:18)
        at C:\Upendra\Git Hub\Git Hub -- Kolla Upendra\campusshare\campus-share-platform\tests\booking-flow.spec.ts:12:17

    TypeError: Cannot read properties of undefined (reading 'user')

      17 |     test.afterAll(async () => {
      18 |         // Cleanup
    > 19 |         await cleanupTestData([owner.user.id, borrower.user.id], [item.id]);
         |                                      ^
      20 |     });
      21 |
      22 |     test('User can browse, view item, and request it', async ({ page }) => {
        at C:\Upendra\Git Hub\Git Hub -- Kolla Upendra\campusshare\campus-share-platform\tests\booking-flow.spec.ts:19:38


[1A[2K  5 failed
    [chromium] ΓÇ║ tests\booking-flow.spec.ts:22:9 ΓÇ║ Critical Path: Booking Flow ΓÇ║ User can browse, view item, and request it 
    [firefox] ΓÇ║ tests\booking-flow.spec.ts:22:9 ΓÇ║ Critical Path: Booking Flow ΓÇ║ User can browse, view item, and request it 
    [webkit] ΓÇ║ tests\booking-flow.spec.ts:22:9 ΓÇ║ Critical Path: Booking Flow ΓÇ║ User can browse, view item, and request it 
    [Mobile Chrome] ΓÇ║ tests\booking-flow.spec.ts:22:9 ΓÇ║ Critical Path: Booking Flow ΓÇ║ User can browse, view item, and request it 
    [Mobile Safari] ΓÇ║ tests\booking-flow.spec.ts:22:9 ΓÇ║ Critical Path: Booking Flow ΓÇ║ User can browse, view item, and request it 

[36m  Serving HTML report at http://localhost:58064. Press Ctrl+C to quit.[39m
